#-----------------------------------------------------------
# PlanAhead v14.7 (64-bit)
# Build 321239 by xbuild on Fri Sep 27 19:29:51 MDT 2013
# Start of session at: Wed Sep 25 12:51:20 2024
# Process ID: 16864
# Log file: D:/DOC/NH_2024_2025_HK_01/ICSL316764/UPDN_COUNTER/planAhead_run_1/planAhead.log
# Journal file: D:/DOC/NH_2024_2025_HK_01/ICSL316764/UPDN_COUNTER/planAhead_run_1/planAhead.jou
#-----------------------------------------------------------
start_gui
source D:/DOC/NH_2024_2025_HK_01/ICSL316764/UPDN_COUNTER/pa.fromHdl.tcl
update_compile_order -fileset sim_1
startgroup
set_property package_pin F12 [get_ports {OUT[3]}]
endgroup
startgroup
set_property package_pin F12 [get_ports {OUT[3]}]
endgroup
startgroup
set_property package_pin E12 [get_ports {OUT[2]}]
endgroup
startgroup
set_property package_pin E11 [get_ports {OUT[1]}]
endgroup
startgroup
set_property package_pin F11 [get_ports {OUT[0]}]
endgroup
startgroup
set_property package_pin C9 [get_ports CLK]
endgroup
save_constraints
startgroup
set_property package_pin L13 [get_ports RST]
endgroup
set_property pulltype PULLDOWN [get_ports [list RST]]
set_property pulltype PULLDOWN [get_ports [list CLK]]
save_constraints
