MO TRAFFIC_LIGHT_CTL NULL TRAFFIC_LIGHT_CTL.v vlg30/_t_r_a_f_f_i_c___l_i_g_h_t___c_t_l.bin 1728838363
MO FREQ_DIV NULL FREQ_DIV.v vlg04/_f_r_e_q___d_i_v.bin 1728838363
MO TRAFFIC_LIGHT_FINAL NULL TRAFFIC_LIGHT_FINAL.v vlg67/_t_r_a_f_f_i_c___l_i_g_h_t___f_i_n_a_l.bin 1728838363
MO TM1638 NULL TM1638.v vlg4B/_t_m1638.bin 1728838363
MO BIN2BCD NULL BIN2BCD.v vlg4C/_b_i_n2_b_c_d.bin 1728838363
