MO TIME NULL TIME.v vlg6B/_t_i_m_e.bin 1728293286
MO TIME_CONTROL NULL TIME_CONTROL.v vlg3F/_t_i_m_e___c_o_n_t_r_o_l.bin 1728293286
MO FREQ_DIV NULL FREQ_DIV.v vlg04/_f_r_e_q___d_i_v.bin 1728293286
MO TM1638 NULL TM1638.v vlg4B/_t_m1638.bin 1728293286
MO MOD60 NULL TIME.v vlg72/_m_o_d60.bin 1728292083
