Release 14.7 - xst P.20131013 (nt64)
Copyright (c) 1995-2013 Xilinx, Inc.  All rights reserved.
--> Parameter TMPDIR set to xst/projnav.tmp


Total REAL time to Xst completion: 0.00 secs
Total CPU time to Xst completion: 0.10 secs
 
--> Parameter xsthdpdir set to xst


Total REAL time to Xst completion: 0.00 secs
Total CPU time to Xst completion: 0.10 secs
 
--> Reading design: DOWNCOUNTER_4BIT_FPGA.prj

TABLE OF CONTENTS
  1) Synthesis Options Summary
  2) HDL Compilation
  3) Design Hierarchy Analysis
  4) HDL Analysis
  5) HDL Synthesis
     5.1) HDL Synthesis Report
  6) Advanced HDL Synthesis
     6.1) Advanced HDL Synthesis Report
  7) Low Level Synthesis
  8) Partition Report
  9) Final Report
	9.1) Device utilization summary
	9.2) Partition Resource Summary
	9.3) TIMING REPORT


=========================================================================
*                      Synthesis Options Summary                        *
=========================================================================
---- Source Parameters
Input File Name                    : "DOWNCOUNTER_4BIT_FPGA.prj"
Input Format                       : mixed
Ignore Synthesis Constraint File   : NO

---- Target Parameters
Output File Name                   : "DOWNCOUNTER_4BIT_FPGA"
Output Format                      : NGC
Target Device                      : xc3s500e-4-fg320

---- Source Options
Top Module Name                    : DOWNCOUNTER_4BIT_FPGA
Automatic FSM Extraction           : YES
FSM Encoding Algorithm             : Auto
Safe Implementation                : No
FSM Style                          : LUT
RAM Extraction                     : Yes
RAM Style                          : Auto
ROM Extraction                     : Yes
Mux Style                          : Auto
Decoder Extraction                 : YES
Priority Encoder Extraction        : Yes
Shift Register Extraction          : YES
Logical Shifter Extraction         : YES
XOR Collapsing                     : YES
ROM Style                          : Auto
Mux Extraction                     : Yes
Resource Sharing                   : YES
Asynchronous To Synchronous        : NO
Multiplier Style                   : Auto
Automatic Register Balancing       : No

---- Target Options
Add IO Buffers                     : YES
Global Maximum Fanout              : 100000
Add Generic Clock Buffer(BUFG)     : 24
Register Duplication               : YES
Slice Packing                      : YES
Optimize Instantiated Primitives   : NO
Use Clock Enable                   : Yes
Use Synchronous Set                : Yes
Use Synchronous Reset              : Yes
Pack IO Registers into IOBs        : Auto
Equivalent register Removal        : YES

---- General Options
Optimization Goal                  : Speed
Optimization Effort                : 1
Keep Hierarchy                     : No
Netlist Hierarchy                  : As_Optimized
RTL Output                         : Yes
Global Optimization                : AllClockNets
Read Cores                         : YES
Write Timing Constraints           : NO
Cross Clock Analysis               : NO
Hierarchy Separator                : /
Bus Delimiter                      : <>
Case Specifier                     : Maintain
Slice Utilization Ratio            : 100
BRAM Utilization Ratio             : 100
Verilog 2001                       : YES
Auto BRAM Packing                  : NO
Slice Utilization Ratio Delta      : 5

=========================================================================


=========================================================================
*                          HDL Compilation                              *
=========================================================================
Compiling verilog file "DOWNCOUNTER_4BIT_FPGA.v" in library work
Compiling verilog include file "PULSE_DIV.v"
Compiling verilog include file "DOWNCOUNTER_4BIT.v"
Module <PULSE_DIV> compiled
Module <DOWNCOUNTER_4BIT> compiled
Module <DOWNCOUNTER_4BIT_FPGA> compiled
No errors in compilation
Analysis of file <"DOWNCOUNTER_4BIT_FPGA.prj"> succeeded.
 

=========================================================================
*                     Design Hierarchy Analysis                         *
=========================================================================
Analyzing hierarchy for module <DOWNCOUNTER_4BIT_FPGA> in library <work>.

Analyzing hierarchy for module <PULSE_DIV> in library <work>.

Analyzing hierarchy for module <DOWNCOUNTER_4BIT> in library <work>.


=========================================================================
*                            HDL Analysis                               *
=========================================================================
Analyzing top module <DOWNCOUNTER_4BIT_FPGA>.
Module <DOWNCOUNTER_4BIT_FPGA> is correct for synthesis.
 
Analyzing module <PULSE_DIV> in library <work>.
Module <PULSE_DIV> is correct for synthesis.
 
Analyzing module <DOWNCOUNTER_4BIT> in library <work>.
Module <DOWNCOUNTER_4BIT> is correct for synthesis.
 

=========================================================================
*                           HDL Synthesis                               *
=========================================================================

Performing bidirectional port resolution...

Synthesizing Unit <PULSE_DIV>.
    Related source file is "PULSE_DIV.v".
    Found 1-bit register for signal <O_CLK>.
    Found 32-bit register for signal <COUNT>.
    Found 32-bit adder for signal <COUNT$add0000> created at line 30.
    Found 32-bit comparator greater for signal <old_COUNT_2$cmp_gt0000> created at line 23.
    Summary:
	inferred  33 D-type flip-flop(s).
	inferred   1 Adder/Subtractor(s).
	inferred   1 Comparator(s).
Unit <PULSE_DIV> synthesized.


Synthesizing Unit <DOWNCOUNTER_4BIT>.
    Related source file is "DOWNCOUNTER_4BIT.v".
    Found 4-bit down counter for signal <TEMP>.
    Summary:
	inferred   1 Counter(s).
Unit <DOWNCOUNTER_4BIT> synthesized.


Synthesizing Unit <DOWNCOUNTER_4BIT_FPGA>.
    Related source file is "DOWNCOUNTER_4BIT_FPGA.v".
Unit <DOWNCOUNTER_4BIT_FPGA> synthesized.


=========================================================================
HDL Synthesis Report

Macro Statistics
# Adders/Subtractors                                   : 1
 32-bit adder                                          : 1
# Counters                                             : 1
 4-bit down counter                                    : 1
# Registers                                            : 2
 1-bit register                                        : 1
 32-bit register                                       : 1
# Comparators                                          : 1
 32-bit comparator greater                             : 1

=========================================================================

=========================================================================
*                       Advanced HDL Synthesis                          *
=========================================================================


=========================================================================
Advanced HDL Synthesis Report

Macro Statistics
# Adders/Subtractors                                   : 1
 32-bit adder                                          : 1
# Counters                                             : 1
 4-bit down counter                                    : 1
# Registers                                            : 33
 Flip-Flops                                            : 33
# Comparators                                          : 1
 32-bit comparator greater                             : 1

=========================================================================

=========================================================================
*                         Low Level Synthesis                           *
=========================================================================

Optimizing unit <DOWNCOUNTER_4BIT_FPGA> ...

Optimizing unit <PULSE_DIV> ...

Mapping all equations...
Building and optimizing final netlist ...
Found area constraint ratio of 100 (+ 5) on block DOWNCOUNTER_4BIT_FPGA, actual ratio is 0.

Final Macro Processing ...

=========================================================================
Final Register Report

Macro Statistics
# Registers                                            : 37
 Flip-Flops                                            : 37

=========================================================================

=========================================================================
*                           Partition Report                            *
=========================================================================

Partition Implementation Status
-------------------------------

  No Partitions were found in this design.

-------------------------------

=========================================================================
*                            Final Report                               *
=========================================================================
Final Results
RTL Top Level Output File Name     : DOWNCOUNTER_4BIT_FPGA.ngr
Top Level Output File Name         : DOWNCOUNTER_4BIT_FPGA
Output Format                      : NGC
Optimization Goal                  : Speed
Keep Hierarchy                     : No

Design Statistics
# IOs                              : 6

Cell Usage :
# BELS                             : 150
#      GND                         : 1
#      INV                         : 7
#      LUT1                        : 4
#      LUT2                        : 33
#      LUT3                        : 3
#      LUT4                        : 14
#      LUT4_D                      : 2
#      MUXCY                       : 52
#      MUXF5                       : 1
#      VCC                         : 1
#      XORCY                       : 32
# FlipFlops/Latches                : 37
#      FDE                         : 1
#      FDR                         : 32
#      FDS                         : 4
# Clock Buffers                    : 1
#      BUFGP                       : 1
# IO Buffers                       : 5
#      IBUF                        : 1
#      OBUF                        : 4
=========================================================================

Device utilization summary:
---------------------------

Selected Device : 3s500efg320-4 

 Number of Slices:                       33  out of   4656     0%  
 Number of Slice Flip Flops:             37  out of   9312     0%  
 Number of 4 input LUTs:                 63  out of   9312     0%  
 Number of IOs:                           6
 Number of bonded IOBs:                   6  out of    232     2%  
 Number of GCLKs:                         1  out of     24     4%  

---------------------------
Partition Resource Summary:
---------------------------

  No Partitions were found in this design.

---------------------------


=========================================================================
TIMING REPORT

NOTE: THESE TIMING NUMBERS ARE ONLY A SYNTHESIS ESTIMATE.
      FOR ACCURATE TIMING INFORMATION PLEASE REFER TO THE TRACE REPORT
      GENERATED AFTER PLACE-and-ROUTE.

Clock Information:
------------------
-----------------------------------+------------------------+-------+
Clock Signal                       | Clock buffer(FF name)  | Load  |
-----------------------------------+------------------------+-------+
P_DIV/O_CLK                        | NONE(D_C4B/TEMP_0)     | 4     |
CLK                                | BUFGP                  | 33    |
-----------------------------------+------------------------+-------+
INFO:Xst:2169 - HDL ADVISOR - Some clock signals were not automatically buffered by XST with BUFG/BUFR resources. Please use the buffer_type constraint in order to insert these buffers to the clock signals to help prevent skew problems.

Asynchronous Control Signals Information:
----------------------------------------
No asynchronous control signals found in this design

Timing Summary:
---------------
Speed Grade: -4

   Minimum period: 9.024ns (Maximum Frequency: 110.821MHz)
   Minimum input arrival time before clock: 3.875ns
   Maximum output required time after clock: 4.532ns
   Maximum combinational path delay: No path found

Timing Detail:
--------------
All values displayed in nanoseconds (ns)

=========================================================================
Timing constraint: Default period analysis for Clock 'P_DIV/O_CLK'
  Clock period: 3.922ns (frequency: 254.972MHz)
  Total number of paths / destination ports: 26 / 8
-------------------------------------------------------------------------
Delay:               3.922ns (Levels of Logic = 2)
  Source:            D_C4B/TEMP_1 (FF)
  Destination:       D_C4B/TEMP_0 (FF)
  Source Clock:      P_DIV/O_CLK rising
  Destination Clock: P_DIV/O_CLK rising

  Data Path: D_C4B/TEMP_1 to D_C4B/TEMP_0
                                Gate     Net
    Cell:in->out      fanout   Delay   Delay  Logical Name (Net Name)
    ----------------------------------------  ------------
     FDS:C->Q              5   0.591   0.808  D_C4B/TEMP_1 (D_C4B/TEMP_1)
     LUT4:I0->O            1   0.704   0.000  D_C4B/TEMP_not0001_inv1 (D_C4B/TEMP_not0001_inv1)
     MUXF5:I1->O           4   0.321   0.587  D_C4B/TEMP_not0001_inv_f5 (D_C4B/TEMP_not0001_inv)
     FDS:S                     0.911          D_C4B/TEMP_0
    ----------------------------------------
    Total                      3.922ns (2.527ns logic, 1.395ns route)
                                       (64.4% logic, 35.6% route)

=========================================================================
Timing constraint: Default period analysis for Clock 'CLK'
  Clock period: 9.024ns (frequency: 110.821MHz)
  Total number of paths / destination ports: 19537 / 66
-------------------------------------------------------------------------
Delay:               9.024ns (Levels of Logic = 48)
  Source:            P_DIV/COUNT_0 (FF)
  Destination:       P_DIV/COUNT_31 (FF)
  Source Clock:      CLK rising
  Destination Clock: CLK rising

  Data Path: P_DIV/COUNT_0 to P_DIV/COUNT_31
                                Gate     Net
    Cell:in->out      fanout   Delay   Delay  Logical Name (Net Name)
    ----------------------------------------  ------------
     FDR:C->Q              3   0.591   0.706  P_DIV/COUNT_0 (P_DIV/COUNT_0)
     LUT4:I0->O            1   0.704   0.000  P_DIV/Mcompar_old_COUNT_2_cmp_gt0000_lut<0> (P_DIV/Mcompar_old_COUNT_2_cmp_gt0000_lut<0>)
     MUXCY:S->O            1   0.464   0.000  P_DIV/Mcompar_old_COUNT_2_cmp_gt0000_cy<0> (P_DIV/Mcompar_old_COUNT_2_cmp_gt0000_cy<0>)
     MUXCY:CI->O           1   0.059   0.000  P_DIV/Mcompar_old_COUNT_2_cmp_gt0000_cy<1> (P_DIV/Mcompar_old_COUNT_2_cmp_gt0000_cy<1>)
     MUXCY:CI->O           1   0.059   0.000  P_DIV/Mcompar_old_COUNT_2_cmp_gt0000_cy<2> (P_DIV/Mcompar_old_COUNT_2_cmp_gt0000_cy<2>)
     MUXCY:CI->O           1   0.059   0.000  P_DIV/Mcompar_old_COUNT_2_cmp_gt0000_cy<3> (P_DIV/Mcompar_old_COUNT_2_cmp_gt0000_cy<3>)
     MUXCY:CI->O           1   0.059   0.000  P_DIV/Mcompar_old_COUNT_2_cmp_gt0000_cy<4> (P_DIV/Mcompar_old_COUNT_2_cmp_gt0000_cy<4>)
     MUXCY:CI->O           1   0.059   0.000  P_DIV/Mcompar_old_COUNT_2_cmp_gt0000_cy<5> (P_DIV/Mcompar_old_COUNT_2_cmp_gt0000_cy<5>)
     MUXCY:CI->O           1   0.059   0.000  P_DIV/Mcompar_old_COUNT_2_cmp_gt0000_cy<6> (P_DIV/Mcompar_old_COUNT_2_cmp_gt0000_cy<6>)
     MUXCY:CI->O           1   0.059   0.000  P_DIV/Mcompar_old_COUNT_2_cmp_gt0000_cy<7> (P_DIV/Mcompar_old_COUNT_2_cmp_gt0000_cy<7>)
     MUXCY:CI->O           1   0.059   0.000  P_DIV/Mcompar_old_COUNT_2_cmp_gt0000_cy<8> (P_DIV/Mcompar_old_COUNT_2_cmp_gt0000_cy<8>)
     MUXCY:CI->O           1   0.059   0.000  P_DIV/Mcompar_old_COUNT_2_cmp_gt0000_cy<9> (P_DIV/Mcompar_old_COUNT_2_cmp_gt0000_cy<9>)
     MUXCY:CI->O           1   0.059   0.000  P_DIV/Mcompar_old_COUNT_2_cmp_gt0000_cy<10> (P_DIV/Mcompar_old_COUNT_2_cmp_gt0000_cy<10>)
     MUXCY:CI->O           1   0.059   0.000  P_DIV/Mcompar_old_COUNT_2_cmp_gt0000_cy<11> (P_DIV/Mcompar_old_COUNT_2_cmp_gt0000_cy<11>)
     MUXCY:CI->O           1   0.059   0.000  P_DIV/Mcompar_old_COUNT_2_cmp_gt0000_cy<12> (P_DIV/Mcompar_old_COUNT_2_cmp_gt0000_cy<12>)
     MUXCY:CI->O          33   0.459   1.342  P_DIV/Mcompar_old_COUNT_2_cmp_gt0000_cy<13> (P_DIV/Mcompar_old_COUNT_2_cmp_gt0000_cy<13>)
     LUT2:I1->O            1   0.704   0.000  P_DIV/Madd_COUNT_add0000_lut<0> (P_DIV/Madd_COUNT_add0000_lut<0>)
     MUXCY:S->O            1   0.464   0.000  P_DIV/Madd_COUNT_add0000_cy<0> (P_DIV/Madd_COUNT_add0000_cy<0>)
     MUXCY:CI->O           1   0.059   0.000  P_DIV/Madd_COUNT_add0000_cy<1> (P_DIV/Madd_COUNT_add0000_cy<1>)
     MUXCY:CI->O           1   0.059   0.000  P_DIV/Madd_COUNT_add0000_cy<2> (P_DIV/Madd_COUNT_add0000_cy<2>)
     MUXCY:CI->O           1   0.059   0.000  P_DIV/Madd_COUNT_add0000_cy<3> (P_DIV/Madd_COUNT_add0000_cy<3>)
     MUXCY:CI->O           1   0.059   0.000  P_DIV/Madd_COUNT_add0000_cy<4> (P_DIV/Madd_COUNT_add0000_cy<4>)
     MUXCY:CI->O           1   0.059   0.000  P_DIV/Madd_COUNT_add0000_cy<5> (P_DIV/Madd_COUNT_add0000_cy<5>)
     MUXCY:CI->O           1   0.059   0.000  P_DIV/Madd_COUNT_add0000_cy<6> (P_DIV/Madd_COUNT_add0000_cy<6>)
     MUXCY:CI->O           1   0.059   0.000  P_DIV/Madd_COUNT_add0000_cy<7> (P_DIV/Madd_COUNT_add0000_cy<7>)
     MUXCY:CI->O           1   0.059   0.000  P_DIV/Madd_COUNT_add0000_cy<8> (P_DIV/Madd_COUNT_add0000_cy<8>)
     MUXCY:CI->O           1   0.059   0.000  P_DIV/Madd_COUNT_add0000_cy<9> (P_DIV/Madd_COUNT_add0000_cy<9>)
     MUXCY:CI->O           1   0.059   0.000  P_DIV/Madd_COUNT_add0000_cy<10> (P_DIV/Madd_COUNT_add0000_cy<10>)
     MUXCY:CI->O           1   0.059   0.000  P_DIV/Madd_COUNT_add0000_cy<11> (P_DIV/Madd_COUNT_add0000_cy<11>)
     MUXCY:CI->O           1   0.059   0.000  P_DIV/Madd_COUNT_add0000_cy<12> (P_DIV/Madd_COUNT_add0000_cy<12>)
     MUXCY:CI->O           1   0.059   0.000  P_DIV/Madd_COUNT_add0000_cy<13> (P_DIV/Madd_COUNT_add0000_cy<13>)
     MUXCY:CI->O           1   0.059   0.000  P_DIV/Madd_COUNT_add0000_cy<14> (P_DIV/Madd_COUNT_add0000_cy<14>)
     MUXCY:CI->O           1   0.059   0.000  P_DIV/Madd_COUNT_add0000_cy<15> (P_DIV/Madd_COUNT_add0000_cy<15>)
     MUXCY:CI->O           1   0.059   0.000  P_DIV/Madd_COUNT_add0000_cy<16> (P_DIV/Madd_COUNT_add0000_cy<16>)
     MUXCY:CI->O           1   0.059   0.000  P_DIV/Madd_COUNT_add0000_cy<17> (P_DIV/Madd_COUNT_add0000_cy<17>)
     MUXCY:CI->O           1   0.059   0.000  P_DIV/Madd_COUNT_add0000_cy<18> (P_DIV/Madd_COUNT_add0000_cy<18>)
     MUXCY:CI->O           1   0.059   0.000  P_DIV/Madd_COUNT_add0000_cy<19> (P_DIV/Madd_COUNT_add0000_cy<19>)
     MUXCY:CI->O           1   0.059   0.000  P_DIV/Madd_COUNT_add0000_cy<20> (P_DIV/Madd_COUNT_add0000_cy<20>)
     MUXCY:CI->O           1   0.059   0.000  P_DIV/Madd_COUNT_add0000_cy<21> (P_DIV/Madd_COUNT_add0000_cy<21>)
     MUXCY:CI->O           1   0.059   0.000  P_DIV/Madd_COUNT_add0000_cy<22> (P_DIV/Madd_COUNT_add0000_cy<22>)
     MUXCY:CI->O           1   0.059   0.000  P_DIV/Madd_COUNT_add0000_cy<23> (P_DIV/Madd_COUNT_add0000_cy<23>)
     MUXCY:CI->O           1   0.059   0.000  P_DIV/Madd_COUNT_add0000_cy<24> (P_DIV/Madd_COUNT_add0000_cy<24>)
     MUXCY:CI->O           1   0.059   0.000  P_DIV/Madd_COUNT_add0000_cy<25> (P_DIV/Madd_COUNT_add0000_cy<25>)
     MUXCY:CI->O           1   0.059   0.000  P_DIV/Madd_COUNT_add0000_cy<26> (P_DIV/Madd_COUNT_add0000_cy<26>)
     MUXCY:CI->O           1   0.059   0.000  P_DIV/Madd_COUNT_add0000_cy<27> (P_DIV/Madd_COUNT_add0000_cy<27>)
     MUXCY:CI->O           1   0.059   0.000  P_DIV/Madd_COUNT_add0000_cy<28> (P_DIV/Madd_COUNT_add0000_cy<28>)
     MUXCY:CI->O           1   0.059   0.000  P_DIV/Madd_COUNT_add0000_cy<29> (P_DIV/Madd_COUNT_add0000_cy<29>)
     MUXCY:CI->O           0   0.059   0.000  P_DIV/Madd_COUNT_add0000_cy<30> (P_DIV/Madd_COUNT_add0000_cy<30>)
     XORCY:CI->O           1   0.804   0.000  P_DIV/Madd_COUNT_add0000_xor<31> (P_DIV/COUNT_add0000<31>)
     FDR:D                     0.308          P_DIV/COUNT_31
    ----------------------------------------
    Total                      9.024ns (6.976ns logic, 2.048ns route)
                                       (77.3% logic, 22.7% route)

=========================================================================
Timing constraint: Default OFFSET IN BEFORE for Clock 'P_DIV/O_CLK'
  Total number of paths / destination ports: 4 / 4
-------------------------------------------------------------------------
Offset:              3.875ns (Levels of Logic = 2)
  Source:            RST (PAD)
  Destination:       D_C4B/TEMP_0 (FF)
  Destination Clock: P_DIV/O_CLK rising

  Data Path: RST to D_C4B/TEMP_0
                                Gate     Net
    Cell:in->out      fanout   Delay   Delay  Logical Name (Net Name)
    ----------------------------------------  ------------
     IBUF:I->O             1   1.218   0.420  RST_IBUF (RST_IBUF)
     MUXF5:S->O            4   0.739   0.587  D_C4B/TEMP_not0001_inv_f5 (D_C4B/TEMP_not0001_inv)
     FDS:S                     0.911          D_C4B/TEMP_0
    ----------------------------------------
    Total                      3.875ns (2.868ns logic, 1.007ns route)
                                       (74.0% logic, 26.0% route)

=========================================================================
Timing constraint: Default OFFSET OUT AFTER for Clock 'P_DIV/O_CLK'
  Total number of paths / destination ports: 4 / 4
-------------------------------------------------------------------------
Offset:              4.532ns (Levels of Logic = 1)
  Source:            D_C4B/TEMP_0 (FF)
  Destination:       OUT<0> (PAD)
  Source Clock:      P_DIV/O_CLK rising

  Data Path: D_C4B/TEMP_0 to OUT<0>
                                Gate     Net
    Cell:in->out      fanout   Delay   Delay  Logical Name (Net Name)
    ----------------------------------------  ------------
     FDS:C->Q              6   0.591   0.669  D_C4B/TEMP_0 (D_C4B/TEMP_0)
     OBUF:I->O                 3.272          OUT_0_OBUF (OUT<0>)
    ----------------------------------------
    Total                      4.532ns (3.863ns logic, 0.669ns route)
                                       (85.2% logic, 14.8% route)

=========================================================================


Total REAL time to Xst completion: 4.00 secs
Total CPU time to Xst completion: 4.24 secs
 
--> 

Total memory usage is 4497424 kilobytes

Number of errors   :    0 (   0 filtered)
Number of warnings :    1 (   0 filtered)
Number of infos    :    1 (   0 filtered)

